2025-05-26T01:11:01.576+08:00  INFO 14712 --- [main] com.pray.SpringRunning                   : Starting SpringRunning using Java 17.0.12 with PID 14712 (D:\CodeWork\SpringRunning\backend-service\target\classes started by Rain in D:\CodeWork\SpringRunning)
2025-05-26T01:11:01.579+08:00 DEBUG 14712 --- [main] com.pray.SpringRunning                   : Running with Spring Boot v3.1.2, Spring v6.0.11
2025-05-26T01:11:01.580+08:00  INFO 14712 --- [main] com.pray.SpringRunning                   : The following 1 profile is active: "dev"
2025-05-26T01:11:02.236+08:00  INFO 14712 --- [main] .s.d.r.c.RepositoryConfigurationDelegate : Multiple Spring Data modules found, entering strict repository configuration mode
2025-05-26T01:11:02.240+08:00  INFO 14712 --- [main] .s.d.r.c.RepositoryConfigurationDelegate : Bootstrapping Spring Data Redis repositories in DEFAULT mode.
2025-05-26T01:11:02.282+08:00  INFO 14712 --- [main] .s.d.r.c.RepositoryConfigurationDelegate : Finished Spring Data repository scanning in 24 ms. Found 0 Redis repository interfaces.
2025-05-26T01:11:03.158+08:00  INFO 14712 --- [main] o.s.b.w.embedded.tomcat.TomcatWebServer  : Tomcat initialized with port(s): 9201 (http)
2025-05-26T01:11:03.166+08:00  INFO 14712 --- [main] o.apache.catalina.core.StandardService   : Starting service [Tomcat]
2025-05-26T01:11:03.167+08:00  INFO 14712 --- [main] o.apache.catalina.core.StandardEngine    : Starting Servlet engine: [Apache Tomcat/10.1.11]
2025-05-26T01:11:03.220+08:00  INFO 14712 --- [main] o.a.c.c.C.[Tomcat].[localhost].[/api]    : Initializing Spring embedded WebApplicationContext
2025-05-26T01:11:03.220+08:00  INFO 14712 --- [main] w.s.c.ServletWebServerApplicationContext : Root WebApplicationContext: initialization completed in 1586 ms
2025-05-26T01:11:03.865+08:00  WARN 14712 --- [main] c.b.m.core.metadata.TableInfoHelper      : Can not find table primary key in Class: "com.pray.entity.po.DefectMethod".
2025-05-26T01:11:03.869+08:00  WARN 14712 --- [main] c.b.m.core.injector.DefaultSqlInjector   : class com.pray.entity.po.DefectMethod ,Not found @TableId annotation, Cannot use Mybatis-Plus 'xxById' Method.
2025-05-26T01:11:03.927+08:00  WARN 14712 --- [main] c.b.m.core.metadata.TableInfoHelper      : Can not find table primary key in Class: "com.pray.entity.po.SysRolePrivilege".
2025-05-26T01:11:03.928+08:00  WARN 14712 --- [main] c.b.m.core.injector.DefaultSqlInjector   : class com.pray.entity.po.SysRolePrivilege ,Not found @TableId annotation, Cannot use Mybatis-Plus 'xxById' Method.
2025-05-26T01:11:03.937+08:00  WARN 14712 --- [main] c.b.m.core.metadata.TableInfoHelper      : Can not find table primary key in Class: "com.pray.entity.po.SysUserRole".
2025-05-26T01:11:03.937+08:00  WARN 14712 --- [main] c.b.m.core.injector.DefaultSqlInjector   : class com.pray.entity.po.SysUserRole ,Not found @TableId annotation, Cannot use Mybatis-Plus 'xxById' Method.
2025-05-26T01:11:04.049+08:00  WARN 14712 --- [main] c.b.m.core.metadata.TableInfoHelper      : Can not find table primary key in Class: "com.pray.entity.po.Book".
2025-05-26T01:11:04.050+08:00  WARN 14712 --- [main] c.b.m.core.injector.DefaultSqlInjector   : class com.pray.entity.po.Book ,Not found @TableId annotation, Cannot use Mybatis-Plus 'xxById' Method.
2025-05-26T01:11:04.063+08:00  WARN 14712 --- [main] c.b.m.core.metadata.TableInfoHelper      : Can not find table primary key in Class: "com.pray.entity.po.Borrow".
2025-05-26T01:11:04.064+08:00  WARN 14712 --- [main] c.b.m.core.injector.DefaultSqlInjector   : class com.pray.entity.po.Borrow ,Not found @TableId annotation, Cannot use Mybatis-Plus 'xxById' Method.
2025-05-26T01:11:04.097+08:00  WARN 14712 --- [main] c.b.m.core.metadata.TableInfoHelper      : Can not find table primary key in Class: "com.pray.entity.po.BookUser".
2025-05-26T01:11:04.097+08:00  WARN 14712 --- [main] c.b.m.core.injector.DefaultSqlInjector   : class com.pray.entity.po.BookUser ,Not found @TableId annotation, Cannot use Mybatis-Plus 'xxById' Method.
2025-05-26T01:11:04.469+08:00  INFO 14712 --- [main] o.s.s.web.DefaultSecurityFilterChain     : Will secure any request with [org.springframework.security.web.session.DisableEncodeUrlFilter@e88e14, org.springframework.security.web.context.request.async.WebAsyncManagerIntegrationFilter@c157abf, org.springframework.security.web.context.SecurityContextHolderFilter@5e0bba2f, org.springframework.security.web.header.HeaderWriterFilter@18c0f025, org.springframework.security.web.authentication.logout.LogoutFilter@7253c53, org.springframework.security.web.authentication.UsernamePasswordAuthenticationFilter@c6d7256, org.springframework.security.web.authentication.ui.DefaultLoginPageGeneratingFilter@1e836aed, org.springframework.security.web.authentication.ui.DefaultLogoutPageGeneratingFilter@472dbaf5, org.springframework.security.web.savedrequest.RequestCacheAwareFilter@52f118aa, org.springframework.security.web.servletapi.SecurityContextHolderAwareRequestFilter@7c460, org.springframework.security.web.authentication.AnonymousAuthenticationFilter@25c4f621, org.springframework.security.web.access.ExceptionTranslationFilter@5b657342, org.springframework.security.web.access.intercept.AuthorizationFilter@c247363]
2025-05-26T01:11:04.742+08:00  INFO 14712 --- [main] o.s.b.w.embedded.tomcat.TomcatWebServer  : Tomcat started on port(s): 9201 (http) with context path '/api'
2025-05-26T01:11:04.750+08:00  INFO 14712 --- [main] com.pray.SpringRunning                   : Started SpringRunning in 3.884 seconds (process running for 4.34)
2025-05-26T01:11:11.830+08:00  INFO 14712 --- [SpringApplicationShutdownHook] o.s.b.w.e.tomcat.GracefulShutdown        : Commencing graceful shutdown. Waiting for active requests to complete
2025-05-26T01:11:11.839+08:00  INFO 14712 --- [tomcat-shutdown] o.s.b.w.e.tomcat.GracefulShutdown        : Graceful shutdown complete
2025-05-26T01:16:33.751+08:00  INFO 23784 --- [main] com.pray.SpringRunning                   : Starting SpringRunning using Java 17.0.12 with PID 23784 (D:\CodeWork\SpringRunning\backend-service\target\classes started by Rain in D:\CodeWork\SpringRunning)
2025-05-26T01:16:33.752+08:00 DEBUG 23784 --- [main] com.pray.SpringRunning                   : Running with Spring Boot v3.1.2, Spring v6.0.11
2025-05-26T01:16:33.752+08:00  INFO 23784 --- [main] com.pray.SpringRunning                   : The following 1 profile is active: "dev"
2025-05-26T01:16:34.185+08:00  INFO 23784 --- [main] .s.d.r.c.RepositoryConfigurationDelegate : Multiple Spring Data modules found, entering strict repository configuration mode
2025-05-26T01:16:34.187+08:00  INFO 23784 --- [main] .s.d.r.c.RepositoryConfigurationDelegate : Bootstrapping Spring Data Redis repositories in DEFAULT mode.
2025-05-26T01:16:34.212+08:00  INFO 23784 --- [main] .s.d.r.c.RepositoryConfigurationDelegate : Finished Spring Data repository scanning in 15 ms. Found 0 Redis repository interfaces.
2025-05-26T01:16:34.755+08:00  INFO 23784 --- [main] o.s.b.w.embedded.tomcat.TomcatWebServer  : Tomcat initialized with port(s): 9201 (http)
2025-05-26T01:16:34.761+08:00  INFO 23784 --- [main] o.apache.catalina.core.StandardService   : Starting service [Tomcat]
2025-05-26T01:16:34.761+08:00  INFO 23784 --- [main] o.apache.catalina.core.StandardEngine    : Starting Servlet engine: [Apache Tomcat/10.1.11]
2025-05-26T01:16:34.803+08:00  INFO 23784 --- [main] o.a.c.c.C.[Tomcat].[localhost].[/api]    : Initializing Spring embedded WebApplicationContext
2025-05-26T01:16:34.803+08:00  INFO 23784 --- [main] w.s.c.ServletWebServerApplicationContext : Root WebApplicationContext: initialization completed in 1015 ms
2025-05-26T01:16:35.214+08:00  WARN 23784 --- [main] c.b.m.core.metadata.TableInfoHelper      : Can not find table primary key in Class: "com.pray.entity.po.DefectMethod".
2025-05-26T01:16:35.216+08:00  WARN 23784 --- [main] c.b.m.core.injector.DefaultSqlInjector   : class com.pray.entity.po.DefectMethod ,Not found @TableId annotation, Cannot use Mybatis-Plus 'xxById' Method.
2025-05-26T01:16:35.281+08:00  WARN 23784 --- [main] c.b.m.core.metadata.TableInfoHelper      : Can not find table primary key in Class: "com.pray.entity.po.SysRolePrivilege".
2025-05-26T01:16:35.281+08:00  WARN 23784 --- [main] c.b.m.core.injector.DefaultSqlInjector   : class com.pray.entity.po.SysRolePrivilege ,Not found @TableId annotation, Cannot use Mybatis-Plus 'xxById' Method.
2025-05-26T01:16:35.292+08:00  WARN 23784 --- [main] c.b.m.core.metadata.TableInfoHelper      : Can not find table primary key in Class: "com.pray.entity.po.SysUserRole".
2025-05-26T01:16:35.292+08:00  WARN 23784 --- [main] c.b.m.core.injector.DefaultSqlInjector   : class com.pray.entity.po.SysUserRole ,Not found @TableId annotation, Cannot use Mybatis-Plus 'xxById' Method.
2025-05-26T01:16:35.408+08:00  WARN 23784 --- [main] c.b.m.core.metadata.TableInfoHelper      : Can not find table primary key in Class: "com.pray.entity.po.Book".
2025-05-26T01:16:35.408+08:00  WARN 23784 --- [main] c.b.m.core.injector.DefaultSqlInjector   : class com.pray.entity.po.Book ,Not found @TableId annotation, Cannot use Mybatis-Plus 'xxById' Method.
2025-05-26T01:16:35.422+08:00  WARN 23784 --- [main] c.b.m.core.metadata.TableInfoHelper      : Can not find table primary key in Class: "com.pray.entity.po.Borrow".
2025-05-26T01:16:35.422+08:00  WARN 23784 --- [main] c.b.m.core.injector.DefaultSqlInjector   : class com.pray.entity.po.Borrow ,Not found @TableId annotation, Cannot use Mybatis-Plus 'xxById' Method.
2025-05-26T01:16:35.456+08:00  WARN 23784 --- [main] c.b.m.core.metadata.TableInfoHelper      : Can not find table primary key in Class: "com.pray.entity.po.BookUser".
2025-05-26T01:16:35.456+08:00  WARN 23784 --- [main] c.b.m.core.injector.DefaultSqlInjector   : class com.pray.entity.po.BookUser ,Not found @TableId annotation, Cannot use Mybatis-Plus 'xxById' Method.
2025-05-26T01:16:35.773+08:00  INFO 23784 --- [main] o.s.s.web.DefaultSecurityFilterChain     : Will secure any request with [org.springframework.security.web.session.DisableEncodeUrlFilter@27bf574b, org.springframework.security.web.context.request.async.WebAsyncManagerIntegrationFilter@4cbb11e4, org.springframework.security.web.context.SecurityContextHolderFilter@4407fea2, org.springframework.security.web.header.HeaderWriterFilter@113a6636, org.springframework.security.web.authentication.logout.LogoutFilter@41d53813, org.springframework.security.web.authentication.UsernamePasswordAuthenticationFilter@1e836aed, org.springframework.security.web.authentication.ui.DefaultLoginPageGeneratingFilter@f310675, org.springframework.security.web.authentication.ui.DefaultLogoutPageGeneratingFilter@326dbe25, org.springframework.security.web.savedrequest.RequestCacheAwareFilter@54ed249f, org.springframework.security.web.servletapi.SecurityContextHolderAwareRequestFilter@768e40af, org.springframework.security.web.authentication.AnonymousAuthenticationFilter@647aa45c, org.springframework.security.web.access.ExceptionTranslationFilter@39296cef, org.springframework.security.web.access.intercept.AuthorizationFilter@6219006a]
2025-05-26T01:16:35.980+08:00  INFO 23784 --- [main] o.s.b.w.embedded.tomcat.TomcatWebServer  : Tomcat started on port(s): 9201 (http) with context path '/api'
2025-05-26T01:16:35.988+08:00  INFO 23784 --- [main] com.pray.SpringRunning                   : Started SpringRunning in 2.79 seconds (process running for 3.155)
2025-05-26T01:17:09.216+08:00  INFO 23784 --- [SpringApplicationShutdownHook] o.s.b.w.e.tomcat.GracefulShutdown        : Commencing graceful shutdown. Waiting for active requests to complete
2025-05-26T01:17:09.225+08:00  INFO 23784 --- [tomcat-shutdown] o.s.b.w.e.tomcat.GracefulShutdown        : Graceful shutdown complete
2025-05-26T01:18:17.696+08:00  INFO 16948 --- [main] com.pray.SpringRunning                   : Starting SpringRunning using Java 17.0.12 with PID 16948 (D:\CodeWork\SpringRunning\backend-service\target\classes started by Rain in D:\CodeWork\SpringRunning)
2025-05-26T01:18:17.697+08:00 DEBUG 16948 --- [main] com.pray.SpringRunning                   : Running with Spring Boot v3.1.2, Spring v6.0.11
2025-05-26T01:18:17.697+08:00  INFO 16948 --- [main] com.pray.SpringRunning                   : The following 1 profile is active: "dev"
2025-05-26T01:18:18.128+08:00  INFO 16948 --- [main] .s.d.r.c.RepositoryConfigurationDelegate : Multiple Spring Data modules found, entering strict repository configuration mode
2025-05-26T01:18:18.130+08:00  INFO 16948 --- [main] .s.d.r.c.RepositoryConfigurationDelegate : Bootstrapping Spring Data Redis repositories in DEFAULT mode.
2025-05-26T01:18:18.155+08:00  INFO 16948 --- [main] .s.d.r.c.RepositoryConfigurationDelegate : Finished Spring Data repository scanning in 15 ms. Found 0 Redis repository interfaces.
2025-05-26T01:18:18.713+08:00  INFO 16948 --- [main] o.s.b.w.embedded.tomcat.TomcatWebServer  : Tomcat initialized with port(s): 9201 (http)
2025-05-26T01:18:18.720+08:00  INFO 16948 --- [main] o.apache.catalina.core.StandardService   : Starting service [Tomcat]
2025-05-26T01:18:18.720+08:00  INFO 16948 --- [main] o.apache.catalina.core.StandardEngine    : Starting Servlet engine: [Apache Tomcat/10.1.11]
2025-05-26T01:18:18.764+08:00  INFO 16948 --- [main] o.a.c.c.C.[Tomcat].[localhost].[/api]    : Initializing Spring embedded WebApplicationContext
2025-05-26T01:18:18.764+08:00  INFO 16948 --- [main] w.s.c.ServletWebServerApplicationContext : Root WebApplicationContext: initialization completed in 1031 ms
2025-05-26T01:18:19.182+08:00  WARN 16948 --- [main] c.b.m.core.metadata.TableInfoHelper      : Can not find table primary key in Class: "com.pray.entity.po.DefectMethod".
2025-05-26T01:18:19.185+08:00  WARN 16948 --- [main] c.b.m.core.injector.DefaultSqlInjector   : class com.pray.entity.po.DefectMethod ,Not found @TableId annotation, Cannot use Mybatis-Plus 'xxById' Method.
2025-05-26T01:18:19.251+08:00  WARN 16948 --- [main] c.b.m.core.metadata.TableInfoHelper      : Can not find table primary key in Class: "com.pray.entity.po.SysRolePrivilege".
2025-05-26T01:18:19.251+08:00  WARN 16948 --- [main] c.b.m.core.injector.DefaultSqlInjector   : class com.pray.entity.po.SysRolePrivilege ,Not found @TableId annotation, Cannot use Mybatis-Plus 'xxById' Method.
2025-05-26T01:18:19.263+08:00  WARN 16948 --- [main] c.b.m.core.metadata.TableInfoHelper      : Can not find table primary key in Class: "com.pray.entity.po.SysUserRole".
2025-05-26T01:18:19.264+08:00  WARN 16948 --- [main] c.b.m.core.injector.DefaultSqlInjector   : class com.pray.entity.po.SysUserRole ,Not found @TableId annotation, Cannot use Mybatis-Plus 'xxById' Method.
2025-05-26T01:18:19.381+08:00  WARN 16948 --- [main] c.b.m.core.metadata.TableInfoHelper      : Can not find table primary key in Class: "com.pray.entity.po.Book".
2025-05-26T01:18:19.382+08:00  WARN 16948 --- [main] c.b.m.core.injector.DefaultSqlInjector   : class com.pray.entity.po.Book ,Not found @TableId annotation, Cannot use Mybatis-Plus 'xxById' Method.
2025-05-26T01:18:19.396+08:00  WARN 16948 --- [main] c.b.m.core.metadata.TableInfoHelper      : Can not find table primary key in Class: "com.pray.entity.po.Borrow".
2025-05-26T01:18:19.396+08:00  WARN 16948 --- [main] c.b.m.core.injector.DefaultSqlInjector   : class com.pray.entity.po.Borrow ,Not found @TableId annotation, Cannot use Mybatis-Plus 'xxById' Method.
2025-05-26T01:18:19.430+08:00  WARN 16948 --- [main] c.b.m.core.metadata.TableInfoHelper      : Can not find table primary key in Class: "com.pray.entity.po.BookUser".
2025-05-26T01:18:19.430+08:00  WARN 16948 --- [main] c.b.m.core.injector.DefaultSqlInjector   : class com.pray.entity.po.BookUser ,Not found @TableId annotation, Cannot use Mybatis-Plus 'xxById' Method.
2025-05-26T01:18:19.767+08:00  INFO 16948 --- [main] o.s.s.web.DefaultSecurityFilterChain     : Will secure any request with [org.springframework.security.web.session.DisableEncodeUrlFilter@261609a7, org.springframework.security.web.context.request.async.WebAsyncManagerIntegrationFilter@39296cef, org.springframework.security.web.context.SecurityContextHolderFilter@a44ad33, org.springframework.security.web.header.HeaderWriterFilter@58945295, org.springframework.security.web.authentication.logout.LogoutFilter@406808eb, org.springframework.security.web.authentication.UsernamePasswordAuthenticationFilter@41c88e00, org.springframework.security.web.authentication.ui.DefaultLoginPageGeneratingFilter@3d1b43d8, org.springframework.security.web.authentication.ui.DefaultLogoutPageGeneratingFilter@7dfca9e6, org.springframework.security.web.savedrequest.RequestCacheAwareFilter@627d5f99, org.springframework.security.web.servletapi.SecurityContextHolderAwareRequestFilter@61648dd2, org.springframework.security.web.authentication.AnonymousAuthenticationFilter@7771c4e, org.springframework.security.web.access.ExceptionTranslationFilter@357cdb00, org.springframework.security.web.access.intercept.AuthorizationFilter@729c8def]
2025-05-26T01:18:19.977+08:00  INFO 16948 --- [main] o.s.b.w.embedded.tomcat.TomcatWebServer  : Tomcat started on port(s): 9201 (http) with context path '/api'
2025-05-26T01:18:19.985+08:00  INFO 16948 --- [main] com.pray.SpringRunning                   : Started SpringRunning in 2.802 seconds (process running for 3.177)
2025-05-26T01:18:44.029+08:00  INFO 16948 --- [SpringApplicationShutdownHook] o.s.b.w.e.tomcat.GracefulShutdown        : Commencing graceful shutdown. Waiting for active requests to complete
2025-05-26T01:18:44.038+08:00  INFO 16948 --- [tomcat-shutdown] o.s.b.w.e.tomcat.GracefulShutdown        : Graceful shutdown complete
2025-05-26T01:18:48.050+08:00  INFO 22436 --- [main] com.pray.SpringRunning                   : Starting SpringRunning using Java 17.0.12 with PID 22436 (D:\CodeWork\SpringRunning\backend-service\target\classes started by Rain in D:\CodeWork\SpringRunning)
2025-05-26T01:18:48.051+08:00 DEBUG 22436 --- [main] com.pray.SpringRunning                   : Running with Spring Boot v3.1.2, Spring v6.0.11
2025-05-26T01:18:48.052+08:00  INFO 22436 --- [main] com.pray.SpringRunning                   : The following 1 profile is active: "dev"
2025-05-26T01:18:48.501+08:00  INFO 22436 --- [main] .s.d.r.c.RepositoryConfigurationDelegate : Multiple Spring Data modules found, entering strict repository configuration mode
2025-05-26T01:18:48.503+08:00  INFO 22436 --- [main] .s.d.r.c.RepositoryConfigurationDelegate : Bootstrapping Spring Data Redis repositories in DEFAULT mode.
2025-05-26T01:18:48.529+08:00  INFO 22436 --- [main] .s.d.r.c.RepositoryConfigurationDelegate : Finished Spring Data repository scanning in 16 ms. Found 0 Redis repository interfaces.
2025-05-26T01:18:49.138+08:00  INFO 22436 --- [main] o.s.b.w.embedded.tomcat.TomcatWebServer  : Tomcat initialized with port(s): 9201 (http)
2025-05-26T01:18:49.145+08:00  INFO 22436 --- [main] o.apache.catalina.core.StandardService   : Starting service [Tomcat]
2025-05-26T01:18:49.145+08:00  INFO 22436 --- [main] o.apache.catalina.core.StandardEngine    : Starting Servlet engine: [Apache Tomcat/10.1.11]
2025-05-26T01:18:49.192+08:00  INFO 22436 --- [main] o.a.c.c.C.[Tomcat].[localhost].[/api]    : Initializing Spring embedded WebApplicationContext
2025-05-26T01:18:49.192+08:00  INFO 22436 --- [main] w.s.c.ServletWebServerApplicationContext : Root WebApplicationContext: initialization completed in 1105 ms
2025-05-26T01:18:49.657+08:00  WARN 22436 --- [main] c.b.m.core.metadata.TableInfoHelper      : Can not find table primary key in Class: "com.pray.entity.po.DefectMethod".
2025-05-26T01:18:49.660+08:00  WARN 22436 --- [main] c.b.m.core.injector.DefaultSqlInjector   : class com.pray.entity.po.DefectMethod ,Not found @TableId annotation, Cannot use Mybatis-Plus 'xxById' Method.
2025-05-26T01:18:49.730+08:00  WARN 22436 --- [main] c.b.m.core.metadata.TableInfoHelper      : Can not find table primary key in Class: "com.pray.entity.po.SysRolePrivilege".
2025-05-26T01:18:49.730+08:00  WARN 22436 --- [main] c.b.m.core.injector.DefaultSqlInjector   : class com.pray.entity.po.SysRolePrivilege ,Not found @TableId annotation, Cannot use Mybatis-Plus 'xxById' Method.
2025-05-26T01:18:49.742+08:00  WARN 22436 --- [main] c.b.m.core.metadata.TableInfoHelper      : Can not find table primary key in Class: "com.pray.entity.po.SysUserRole".
2025-05-26T01:18:49.742+08:00  WARN 22436 --- [main] c.b.m.core.injector.DefaultSqlInjector   : class com.pray.entity.po.SysUserRole ,Not found @TableId annotation, Cannot use Mybatis-Plus 'xxById' Method.
2025-05-26T01:18:49.870+08:00  WARN 22436 --- [main] c.b.m.core.metadata.TableInfoHelper      : Can not find table primary key in Class: "com.pray.entity.po.Book".
2025-05-26T01:18:49.870+08:00  WARN 22436 --- [main] c.b.m.core.injector.DefaultSqlInjector   : class com.pray.entity.po.Book ,Not found @TableId annotation, Cannot use Mybatis-Plus 'xxById' Method.
2025-05-26T01:18:49.885+08:00  WARN 22436 --- [main] c.b.m.core.metadata.TableInfoHelper      : Can not find table primary key in Class: "com.pray.entity.po.Borrow".
2025-05-26T01:18:49.885+08:00  WARN 22436 --- [main] c.b.m.core.injector.DefaultSqlInjector   : class com.pray.entity.po.Borrow ,Not found @TableId annotation, Cannot use Mybatis-Plus 'xxById' Method.
2025-05-26T01:18:49.919+08:00  WARN 22436 --- [main] c.b.m.core.metadata.TableInfoHelper      : Can not find table primary key in Class: "com.pray.entity.po.BookUser".
2025-05-26T01:18:49.920+08:00  WARN 22436 --- [main] c.b.m.core.injector.DefaultSqlInjector   : class com.pray.entity.po.BookUser ,Not found @TableId annotation, Cannot use Mybatis-Plus 'xxById' Method.
2025-05-26T01:18:50.261+08:00  INFO 22436 --- [main] o.s.s.web.DefaultSecurityFilterChain     : Will secure any request with [org.springframework.security.web.session.DisableEncodeUrlFilter@5e41e6ad, org.springframework.security.web.context.request.async.WebAsyncManagerIntegrationFilter@2665a2e7, org.springframework.security.web.context.SecurityContextHolderFilter@8aa1562, org.springframework.security.web.header.HeaderWriterFilter@50a095cb, org.springframework.security.web.authentication.logout.LogoutFilter@724c26e0, org.springframework.security.web.authentication.UsernamePasswordAuthenticationFilter@3fa50a24, org.springframework.security.web.authentication.ui.DefaultLoginPageGeneratingFilter@193d7ac7, org.springframework.security.web.authentication.ui.DefaultLogoutPageGeneratingFilter@3abdc11d, org.springframework.security.web.savedrequest.RequestCacheAwareFilter@346690d6, org.springframework.security.web.servletapi.SecurityContextHolderAwareRequestFilter@2a191f83, org.springframework.security.web.authentication.AnonymousAuthenticationFilter@624be1d4, org.springframework.security.web.access.ExceptionTranslationFilter@7263b0c4, org.springframework.security.web.access.intercept.AuthorizationFilter@6fbfd28b]
2025-05-26T01:18:50.523+08:00  INFO 22436 --- [main] o.s.b.w.embedded.tomcat.TomcatWebServer  : Tomcat started on port(s): 9201 (http) with context path '/api'
2025-05-26T01:18:50.531+08:00  INFO 22436 --- [main] com.pray.SpringRunning                   : Started SpringRunning in 3.03 seconds (process running for 4.159)
2025-05-26T01:27:38.552+08:00  INFO 22436 --- [SpringApplicationShutdownHook] o.s.b.w.e.tomcat.GracefulShutdown        : Commencing graceful shutdown. Waiting for active requests to complete
2025-05-26T01:27:38.561+08:00  INFO 22436 --- [tomcat-shutdown] o.s.b.w.e.tomcat.GracefulShutdown        : Graceful shutdown complete
2025-05-26T01:27:41.782+08:00  INFO 20620 --- [main] com.pray.SpringRunning                   : Starting SpringRunning using Java 17.0.12 with PID 20620 (D:\CodeWork\SpringRunning\backend-service\target\classes started by Rain in D:\CodeWork\SpringRunning)
2025-05-26T01:27:41.783+08:00 DEBUG 20620 --- [main] com.pray.SpringRunning                   : Running with Spring Boot v3.1.2, Spring v6.0.11
2025-05-26T01:27:41.784+08:00  INFO 20620 --- [main] com.pray.SpringRunning                   : The following 1 profile is active: "dev"
2025-05-26T01:27:42.249+08:00  INFO 20620 --- [main] .s.d.r.c.RepositoryConfigurationDelegate : Multiple Spring Data modules found, entering strict repository configuration mode
2025-05-26T01:27:42.251+08:00  INFO 20620 --- [main] .s.d.r.c.RepositoryConfigurationDelegate : Bootstrapping Spring Data Redis repositories in DEFAULT mode.
2025-05-26T01:27:42.278+08:00  INFO 20620 --- [main] .s.d.r.c.RepositoryConfigurationDelegate : Finished Spring Data repository scanning in 16 ms. Found 0 Redis repository interfaces.
2025-05-26T01:27:42.914+08:00  INFO 20620 --- [main] o.s.b.w.embedded.tomcat.TomcatWebServer  : Tomcat initialized with port(s): 9201 (http)
2025-05-26T01:27:42.922+08:00  INFO 20620 --- [main] o.apache.catalina.core.StandardService   : Starting service [Tomcat]
2025-05-26T01:27:42.922+08:00  INFO 20620 --- [main] o.apache.catalina.core.StandardEngine    : Starting Servlet engine: [Apache Tomcat/10.1.11]
2025-05-26T01:27:42.978+08:00  INFO 20620 --- [main] o.a.c.c.C.[Tomcat].[localhost].[/api]    : Initializing Spring embedded WebApplicationContext
2025-05-26T01:27:42.979+08:00  INFO 20620 --- [main] w.s.c.ServletWebServerApplicationContext : Root WebApplicationContext: initialization completed in 1157 ms
2025-05-26T01:27:43.427+08:00  WARN 20620 --- [main] c.b.m.core.metadata.TableInfoHelper      : Can not find table primary key in Class: "com.pray.entity.po.DefectMethod".
2025-05-26T01:27:43.430+08:00  WARN 20620 --- [main] c.b.m.core.injector.DefaultSqlInjector   : class com.pray.entity.po.DefectMethod ,Not found @TableId annotation, Cannot use Mybatis-Plus 'xxById' Method.
2025-05-26T01:27:43.493+08:00  WARN 20620 --- [main] c.b.m.core.metadata.TableInfoHelper      : Can not find table primary key in Class: "com.pray.entity.po.SysRolePrivilege".
2025-05-26T01:27:43.493+08:00  WARN 20620 --- [main] c.b.m.core.injector.DefaultSqlInjector   : class com.pray.entity.po.SysRolePrivilege ,Not found @TableId annotation, Cannot use Mybatis-Plus 'xxById' Method.
2025-05-26T01:27:43.504+08:00  WARN 20620 --- [main] c.b.m.core.metadata.TableInfoHelper      : Can not find table primary key in Class: "com.pray.entity.po.SysUserRole".
2025-05-26T01:27:43.504+08:00  WARN 20620 --- [main] c.b.m.core.injector.DefaultSqlInjector   : class com.pray.entity.po.SysUserRole ,Not found @TableId annotation, Cannot use Mybatis-Plus 'xxById' Method.
2025-05-26T01:27:43.625+08:00  WARN 20620 --- [main] c.b.m.core.metadata.TableInfoHelper      : Can not find table primary key in Class: "com.pray.entity.po.Book".
2025-05-26T01:27:43.625+08:00  WARN 20620 --- [main] c.b.m.core.injector.DefaultSqlInjector   : class com.pray.entity.po.Book ,Not found @TableId annotation, Cannot use Mybatis-Plus 'xxById' Method.
2025-05-26T01:27:43.638+08:00  WARN 20620 --- [main] c.b.m.core.metadata.TableInfoHelper      : Can not find table primary key in Class: "com.pray.entity.po.Borrow".
2025-05-26T01:27:43.639+08:00  WARN 20620 --- [main] c.b.m.core.injector.DefaultSqlInjector   : class com.pray.entity.po.Borrow ,Not found @TableId annotation, Cannot use Mybatis-Plus 'xxById' Method.
2025-05-26T01:27:43.669+08:00  WARN 20620 --- [main] c.b.m.core.metadata.TableInfoHelper      : Can not find table primary key in Class: "com.pray.entity.po.BookUser".
2025-05-26T01:27:43.669+08:00  WARN 20620 --- [main] c.b.m.core.injector.DefaultSqlInjector   : class com.pray.entity.po.BookUser ,Not found @TableId annotation, Cannot use Mybatis-Plus 'xxById' Method.
2025-05-26T01:27:44.009+08:00  INFO 20620 --- [main] o.s.s.web.DefaultSecurityFilterChain     : Will secure any request with [org.springframework.security.web.session.DisableEncodeUrlFilter@2a349a73, org.springframework.security.web.context.request.async.WebAsyncManagerIntegrationFilter@2ad6895a, org.springframework.security.web.context.SecurityContextHolderFilter@759b05d1, org.springframework.security.web.header.HeaderWriterFilter@45c2c396, org.springframework.security.web.authentication.logout.LogoutFilter@1756a471, org.springframework.security.web.authentication.UsernamePasswordAuthenticationFilter@1361e880, org.springframework.security.web.authentication.ui.DefaultLoginPageGeneratingFilter@ab94a32, org.springframework.security.web.authentication.ui.DefaultLogoutPageGeneratingFilter@10e4cc6, org.springframework.security.web.savedrequest.RequestCacheAwareFilter@ea45a5b, org.springframework.security.web.servletapi.SecurityContextHolderAwareRequestFilter@458b4487, org.springframework.security.web.authentication.AnonymousAuthenticationFilter@5d515e2c, org.springframework.security.web.access.ExceptionTranslationFilter@21948bd1, org.springframework.security.web.access.intercept.AuthorizationFilter@4866a755]
2025-05-26T01:27:44.272+08:00  INFO 20620 --- [main] o.s.b.w.embedded.tomcat.TomcatWebServer  : Tomcat started on port(s): 9201 (http) with context path '/api'
2025-05-26T01:27:44.280+08:00  INFO 20620 --- [main] com.pray.SpringRunning                   : Started SpringRunning in 3.06 seconds (process running for 3.571)
2025-05-26T01:28:29.535+08:00  INFO 20620 --- [SpringApplicationShutdownHook] o.s.b.w.e.tomcat.GracefulShutdown        : Commencing graceful shutdown. Waiting for active requests to complete
2025-05-26T01:28:29.544+08:00  INFO 20620 --- [tomcat-shutdown] o.s.b.w.e.tomcat.GracefulShutdown        : Graceful shutdown complete
2025-05-26T01:28:32.662+08:00  INFO 12184 --- [main] com.pray.SpringRunning                   : Starting SpringRunning using Java 17.0.12 with PID 12184 (D:\CodeWork\SpringRunning\backend-service\target\classes started by Rain in D:\CodeWork\SpringRunning)
2025-05-26T01:28:32.663+08:00 DEBUG 12184 --- [main] com.pray.SpringRunning                   : Running with Spring Boot v3.1.2, Spring v6.0.11
2025-05-26T01:28:32.663+08:00  INFO 12184 --- [main] com.pray.SpringRunning                   : The following 1 profile is active: "dev"
2025-05-26T01:28:33.116+08:00  INFO 12184 --- [main] .s.d.r.c.RepositoryConfigurationDelegate : Multiple Spring Data modules found, entering strict repository configuration mode
2025-05-26T01:28:33.118+08:00  INFO 12184 --- [main] .s.d.r.c.RepositoryConfigurationDelegate : Bootstrapping Spring Data Redis repositories in DEFAULT mode.
2025-05-26T01:28:33.145+08:00  INFO 12184 --- [main] .s.d.r.c.RepositoryConfigurationDelegate : Finished Spring Data repository scanning in 16 ms. Found 0 Redis repository interfaces.
2025-05-26T01:28:33.756+08:00  INFO 12184 --- [main] o.s.b.w.embedded.tomcat.TomcatWebServer  : Tomcat initialized with port(s): 9201 (http)
2025-05-26T01:28:33.766+08:00  INFO 12184 --- [main] o.apache.catalina.core.StandardService   : Starting service [Tomcat]
2025-05-26T01:28:33.766+08:00  INFO 12184 --- [main] o.apache.catalina.core.StandardEngine    : Starting Servlet engine: [Apache Tomcat/10.1.11]
2025-05-26T01:28:33.812+08:00  INFO 12184 --- [main] o.a.c.c.C.[Tomcat].[localhost].[/api]    : Initializing Spring embedded WebApplicationContext
2025-05-26T01:28:33.812+08:00  INFO 12184 --- [main] w.s.c.ServletWebServerApplicationContext : Root WebApplicationContext: initialization completed in 1111 ms
2025-05-26T01:28:34.254+08:00  WARN 12184 --- [main] c.b.m.core.metadata.TableInfoHelper      : Can not find table primary key in Class: "com.pray.entity.po.DefectMethod".
2025-05-26T01:28:34.258+08:00  WARN 12184 --- [main] c.b.m.core.injector.DefaultSqlInjector   : class com.pray.entity.po.DefectMethod ,Not found @TableId annotation, Cannot use Mybatis-Plus 'xxById' Method.
2025-05-26T01:28:34.322+08:00  WARN 12184 --- [main] c.b.m.core.metadata.TableInfoHelper      : Can not find table primary key in Class: "com.pray.entity.po.SysRolePrivilege".
2025-05-26T01:28:34.322+08:00  WARN 12184 --- [main] c.b.m.core.injector.DefaultSqlInjector   : class com.pray.entity.po.SysRolePrivilege ,Not found @TableId annotation, Cannot use Mybatis-Plus 'xxById' Method.
2025-05-26T01:28:34.332+08:00  WARN 12184 --- [main] c.b.m.core.metadata.TableInfoHelper      : Can not find table primary key in Class: "com.pray.entity.po.SysUserRole".
2025-05-26T01:28:34.332+08:00  WARN 12184 --- [main] c.b.m.core.injector.DefaultSqlInjector   : class com.pray.entity.po.SysUserRole ,Not found @TableId annotation, Cannot use Mybatis-Plus 'xxById' Method.
2025-05-26T01:28:34.448+08:00  WARN 12184 --- [main] c.b.m.core.metadata.TableInfoHelper      : Can not find table primary key in Class: "com.pray.entity.po.Book".
2025-05-26T01:28:34.448+08:00  WARN 12184 --- [main] c.b.m.core.injector.DefaultSqlInjector   : class com.pray.entity.po.Book ,Not found @TableId annotation, Cannot use Mybatis-Plus 'xxById' Method.
2025-05-26T01:28:34.463+08:00  WARN 12184 --- [main] c.b.m.core.metadata.TableInfoHelper      : Can not find table primary key in Class: "com.pray.entity.po.Borrow".
2025-05-26T01:28:34.463+08:00  WARN 12184 --- [main] c.b.m.core.injector.DefaultSqlInjector   : class com.pray.entity.po.Borrow ,Not found @TableId annotation, Cannot use Mybatis-Plus 'xxById' Method.
2025-05-26T01:28:34.496+08:00  WARN 12184 --- [main] c.b.m.core.metadata.TableInfoHelper      : Can not find table primary key in Class: "com.pray.entity.po.BookUser".
2025-05-26T01:28:34.496+08:00  WARN 12184 --- [main] c.b.m.core.injector.DefaultSqlInjector   : class com.pray.entity.po.BookUser ,Not found @TableId annotation, Cannot use Mybatis-Plus 'xxById' Method.
2025-05-26T01:28:34.844+08:00  INFO 12184 --- [main] o.s.s.web.DefaultSecurityFilterChain     : Will secure any request with [org.springframework.security.web.session.DisableEncodeUrlFilter@42fd8f2f, org.springframework.security.web.context.request.async.WebAsyncManagerIntegrationFilter@7eea934d, org.springframework.security.web.context.SecurityContextHolderFilter@1756a471, org.springframework.security.web.header.HeaderWriterFilter@32c08610, org.springframework.security.web.authentication.logout.LogoutFilter@1e749235, org.springframework.security.web.authentication.UsernamePasswordAuthenticationFilter@1fc4483f, org.springframework.security.web.authentication.ui.DefaultLoginPageGeneratingFilter@3506bc8b, org.springframework.security.web.authentication.ui.DefaultLogoutPageGeneratingFilter@4700963e, org.springframework.security.web.savedrequest.RequestCacheAwareFilter@70b630d, org.springframework.security.web.servletapi.SecurityContextHolderAwareRequestFilter@2fce8243, org.springframework.security.web.authentication.AnonymousAuthenticationFilter@153d14e3, org.springframework.security.web.access.ExceptionTranslationFilter@1add90e0, org.springframework.security.web.access.intercept.AuthorizationFilter@27605b87]
2025-05-26T01:28:35.112+08:00  INFO 12184 --- [main] o.s.b.w.embedded.tomcat.TomcatWebServer  : Tomcat started on port(s): 9201 (http) with context path '/api'
2025-05-26T01:28:35.124+08:00  INFO 12184 --- [main] com.pray.SpringRunning                   : Started SpringRunning in 3.04 seconds (process running for 3.51)
2025-05-26T01:28:48.058+08:00  INFO 12184 --- [SpringApplicationShutdownHook] o.s.b.w.e.tomcat.GracefulShutdown        : Commencing graceful shutdown. Waiting for active requests to complete
2025-05-26T01:28:48.067+08:00  INFO 12184 --- [tomcat-shutdown] o.s.b.w.e.tomcat.GracefulShutdown        : Graceful shutdown complete
2025-05-26T01:29:10.256+08:00  INFO 5316 --- [main] com.pray.SpringRunning                   : Starting SpringRunning using Java 17.0.12 with PID 5316 (D:\CodeWork\SpringRunning\backend-service\target\classes started by Rain in D:\CodeWork\SpringRunning)
2025-05-26T01:29:10.257+08:00 DEBUG 5316 --- [main] com.pray.SpringRunning                   : Running with Spring Boot v3.1.2, Spring v6.0.11
2025-05-26T01:29:10.258+08:00  INFO 5316 --- [main] com.pray.SpringRunning                   : The following 1 profile is active: "dev"
2025-05-26T01:29:10.718+08:00  INFO 5316 --- [main] .s.d.r.c.RepositoryConfigurationDelegate : Multiple Spring Data modules found, entering strict repository configuration mode
2025-05-26T01:29:10.720+08:00  INFO 5316 --- [main] .s.d.r.c.RepositoryConfigurationDelegate : Bootstrapping Spring Data Redis repositories in DEFAULT mode.
2025-05-26T01:29:10.747+08:00  INFO 5316 --- [main] .s.d.r.c.RepositoryConfigurationDelegate : Finished Spring Data repository scanning in 16 ms. Found 0 Redis repository interfaces.
2025-05-26T01:29:11.357+08:00  INFO 5316 --- [main] o.s.b.w.embedded.tomcat.TomcatWebServer  : Tomcat initialized with port(s): 9201 (http)
2025-05-26T01:29:11.364+08:00  INFO 5316 --- [main] o.apache.catalina.core.StandardService   : Starting service [Tomcat]
2025-05-26T01:29:11.364+08:00  INFO 5316 --- [main] o.apache.catalina.core.StandardEngine    : Starting Servlet engine: [Apache Tomcat/10.1.11]
2025-05-26T01:29:11.413+08:00  INFO 5316 --- [main] o.a.c.c.C.[Tomcat].[localhost].[/api]    : Initializing Spring embedded WebApplicationContext
2025-05-26T01:29:11.413+08:00  INFO 5316 --- [main] w.s.c.ServletWebServerApplicationContext : Root WebApplicationContext: initialization completed in 1120 ms
2025-05-26T01:29:11.887+08:00  WARN 5316 --- [main] c.b.m.core.metadata.TableInfoHelper      : Can not find table primary key in Class: "com.pray.entity.po.DefectMethod".
2025-05-26T01:29:11.891+08:00  WARN 5316 --- [main] c.b.m.core.injector.DefaultSqlInjector   : class com.pray.entity.po.DefectMethod ,Not found @TableId annotation, Cannot use Mybatis-Plus 'xxById' Method.
2025-05-26T01:29:11.959+08:00  WARN 5316 --- [main] c.b.m.core.metadata.TableInfoHelper      : Can not find table primary key in Class: "com.pray.entity.po.SysRolePrivilege".
2025-05-26T01:29:11.959+08:00  WARN 5316 --- [main] c.b.m.core.injector.DefaultSqlInjector   : class com.pray.entity.po.SysRolePrivilege ,Not found @TableId annotation, Cannot use Mybatis-Plus 'xxById' Method.
2025-05-26T01:29:11.971+08:00  WARN 5316 --- [main] c.b.m.core.metadata.TableInfoHelper      : Can not find table primary key in Class: "com.pray.entity.po.SysUserRole".
2025-05-26T01:29:11.971+08:00  WARN 5316 --- [main] c.b.m.core.injector.DefaultSqlInjector   : class com.pray.entity.po.SysUserRole ,Not found @TableId annotation, Cannot use Mybatis-Plus 'xxById' Method.
2025-05-26T01:29:12.101+08:00  WARN 5316 --- [main] c.b.m.core.metadata.TableInfoHelper      : Can not find table primary key in Class: "com.pray.entity.po.Book".
2025-05-26T01:29:12.101+08:00  WARN 5316 --- [main] c.b.m.core.injector.DefaultSqlInjector   : class com.pray.entity.po.Book ,Not found @TableId annotation, Cannot use Mybatis-Plus 'xxById' Method.
2025-05-26T01:29:12.116+08:00  WARN 5316 --- [main] c.b.m.core.metadata.TableInfoHelper      : Can not find table primary key in Class: "com.pray.entity.po.Borrow".
2025-05-26T01:29:12.116+08:00  WARN 5316 --- [main] c.b.m.core.injector.DefaultSqlInjector   : class com.pray.entity.po.Borrow ,Not found @TableId annotation, Cannot use Mybatis-Plus 'xxById' Method.
2025-05-26T01:29:12.155+08:00  WARN 5316 --- [main] c.b.m.core.metadata.TableInfoHelper      : Can not find table primary key in Class: "com.pray.entity.po.BookUser".
2025-05-26T01:29:12.156+08:00  WARN 5316 --- [main] c.b.m.core.injector.DefaultSqlInjector   : class com.pray.entity.po.BookUser ,Not found @TableId annotation, Cannot use Mybatis-Plus 'xxById' Method.
2025-05-26T01:29:12.499+08:00  INFO 5316 --- [main] o.s.s.web.DefaultSecurityFilterChain     : Will secure any request with [org.springframework.security.web.session.DisableEncodeUrlFilter@72e1e587, org.springframework.security.web.context.request.async.WebAsyncManagerIntegrationFilter@5036a286, org.springframework.security.web.context.SecurityContextHolderFilter@278150a1, org.springframework.security.web.header.HeaderWriterFilter@c02a1be, org.springframework.security.web.authentication.logout.LogoutFilter@55821edf, org.springframework.security.web.authentication.UsernamePasswordAuthenticationFilter@755009f2, org.springframework.security.web.authentication.ui.DefaultLoginPageGeneratingFilter@759b05d1, org.springframework.security.web.authentication.ui.DefaultLogoutPageGeneratingFilter@73818435, org.springframework.security.web.savedrequest.RequestCacheAwareFilter@712e4b18, org.springframework.security.web.servletapi.SecurityContextHolderAwareRequestFilter@22617270, org.springframework.security.web.authentication.AnonymousAuthenticationFilter@2fce8243, org.springframework.security.web.access.ExceptionTranslationFilter@39fb5ddf, org.springframework.security.web.access.intercept.AuthorizationFilter@44ec4a38]
2025-05-26T01:29:12.752+08:00  INFO 5316 --- [main] o.s.b.w.embedded.tomcat.TomcatWebServer  : Tomcat started on port(s): 9201 (http) with context path '/api'
2025-05-26T01:29:12.761+08:00  INFO 5316 --- [main] com.pray.SpringRunning                   : Started SpringRunning in 3.143 seconds (process running for 3.673)
2025-05-26T01:29:15.049+08:00  INFO 5316 --- [SpringApplicationShutdownHook] o.s.b.w.e.tomcat.GracefulShutdown        : Commencing graceful shutdown. Waiting for active requests to complete
2025-05-26T01:29:15.060+08:00  INFO 5316 --- [tomcat-shutdown] o.s.b.w.e.tomcat.GracefulShutdown        : Graceful shutdown complete
2025-05-26T01:32:06.866+08:00  INFO 17728 --- [main] com.pray.SpringRunning                   : Starting SpringRunning using Java 17.0.12 with PID 17728 (D:\CodeWork\SpringRunning\backend-service\target\classes started by Rain in D:\CodeWork\SpringRunning)
2025-05-26T01:32:06.867+08:00 DEBUG 17728 --- [main] com.pray.SpringRunning                   : Running with Spring Boot v3.1.2, Spring v6.0.11
2025-05-26T01:32:06.868+08:00  INFO 17728 --- [main] com.pray.SpringRunning                   : The following 1 profile is active: "dev"
2025-05-26T01:32:07.308+08:00  INFO 17728 --- [main] .s.d.r.c.RepositoryConfigurationDelegate : Multiple Spring Data modules found, entering strict repository configuration mode
2025-05-26T01:32:07.310+08:00  INFO 17728 --- [main] .s.d.r.c.RepositoryConfigurationDelegate : Bootstrapping Spring Data Redis repositories in DEFAULT mode.
2025-05-26T01:32:07.340+08:00  INFO 17728 --- [main] .s.d.r.c.RepositoryConfigurationDelegate : Finished Spring Data repository scanning in 16 ms. Found 0 Redis repository interfaces.
2025-05-26T01:32:07.914+08:00  INFO 17728 --- [main] o.s.b.w.embedded.tomcat.TomcatWebServer  : Tomcat initialized with port(s): 9201 (http)
2025-05-26T01:32:07.921+08:00  INFO 17728 --- [main] o.apache.catalina.core.StandardService   : Starting service [Tomcat]
2025-05-26T01:32:07.922+08:00  INFO 17728 --- [main] o.apache.catalina.core.StandardEngine    : Starting Servlet engine: [Apache Tomcat/10.1.11]
2025-05-26T01:32:07.968+08:00  INFO 17728 --- [main] o.a.c.c.C.[Tomcat].[localhost].[/api]    : Initializing Spring embedded WebApplicationContext
2025-05-26T01:32:07.968+08:00  INFO 17728 --- [main] w.s.c.ServletWebServerApplicationContext : Root WebApplicationContext: initialization completed in 1066 ms
2025-05-26T01:32:08.371+08:00  WARN 17728 --- [main] c.b.m.core.metadata.TableInfoHelper      : Can not find table primary key in Class: "com.pray.entity.po.DefectMethod".
2025-05-26T01:32:08.374+08:00  WARN 17728 --- [main] c.b.m.core.injector.DefaultSqlInjector   : class com.pray.entity.po.DefectMethod ,Not found @TableId annotation, Cannot use Mybatis-Plus 'xxById' Method.
2025-05-26T01:32:08.428+08:00  WARN 17728 --- [main] c.b.m.core.metadata.TableInfoHelper      : Can not find table primary key in Class: "com.pray.entity.po.SysRolePrivilege".
2025-05-26T01:32:08.429+08:00  WARN 17728 --- [main] c.b.m.core.injector.DefaultSqlInjector   : class com.pray.entity.po.SysRolePrivilege ,Not found @TableId annotation, Cannot use Mybatis-Plus 'xxById' Method.
2025-05-26T01:32:08.438+08:00  WARN 17728 --- [main] c.b.m.core.metadata.TableInfoHelper      : Can not find table primary key in Class: "com.pray.entity.po.SysUserRole".
2025-05-26T01:32:08.438+08:00  WARN 17728 --- [main] c.b.m.core.injector.DefaultSqlInjector   : class com.pray.entity.po.SysUserRole ,Not found @TableId annotation, Cannot use Mybatis-Plus 'xxById' Method.
2025-05-26T01:32:08.552+08:00  WARN 17728 --- [main] c.b.m.core.metadata.TableInfoHelper      : Can not find table primary key in Class: "com.pray.entity.po.Book".
2025-05-26T01:32:08.552+08:00  WARN 17728 --- [main] c.b.m.core.injector.DefaultSqlInjector   : class com.pray.entity.po.Book ,Not found @TableId annotation, Cannot use Mybatis-Plus 'xxById' Method.
2025-05-26T01:32:08.565+08:00  WARN 17728 --- [main] c.b.m.core.metadata.TableInfoHelper      : Can not find table primary key in Class: "com.pray.entity.po.Borrow".
2025-05-26T01:32:08.565+08:00  WARN 17728 --- [main] c.b.m.core.injector.DefaultSqlInjector   : class com.pray.entity.po.Borrow ,Not found @TableId annotation, Cannot use Mybatis-Plus 'xxById' Method.
2025-05-26T01:32:08.601+08:00  WARN 17728 --- [main] c.b.m.core.metadata.TableInfoHelper      : Can not find table primary key in Class: "com.pray.entity.po.BookUser".
2025-05-26T01:32:08.601+08:00  WARN 17728 --- [main] c.b.m.core.injector.DefaultSqlInjector   : class com.pray.entity.po.BookUser ,Not found @TableId annotation, Cannot use Mybatis-Plus 'xxById' Method.
2025-05-26T01:32:08.919+08:00  INFO 17728 --- [main] o.s.s.web.DefaultSecurityFilterChain     : Will secure any request with [org.springframework.security.web.session.DisableEncodeUrlFilter@647aa45c, org.springframework.security.web.context.request.async.WebAsyncManagerIntegrationFilter@3922b297, org.springframework.security.web.context.SecurityContextHolderFilter@4714f447, org.springframework.security.web.header.HeaderWriterFilter@4407fea2, org.springframework.security.web.authentication.logout.LogoutFilter@3294102e, org.springframework.security.web.authentication.UsernamePasswordAuthenticationFilter@226e95e9, org.springframework.security.web.authentication.ui.DefaultLoginPageGeneratingFilter@3b780b5c, org.springframework.security.web.authentication.ui.DefaultLogoutPageGeneratingFilter@2d02a066, org.springframework.security.web.savedrequest.RequestCacheAwareFilter@4b7a4c83, org.springframework.security.web.servletapi.SecurityContextHolderAwareRequestFilter@5c16561a, org.springframework.security.web.authentication.AnonymousAuthenticationFilter@72c1bf75, org.springframework.security.web.access.ExceptionTranslationFilter@113a6636, org.springframework.security.web.access.intercept.AuthorizationFilter@8dedec8]
2025-05-26T01:32:09.148+08:00  INFO 17728 --- [main] o.s.b.w.embedded.tomcat.TomcatWebServer  : Tomcat started on port(s): 9201 (http) with context path '/api'
2025-05-26T01:32:09.154+08:00  INFO 17728 --- [main] com.pray.SpringRunning                   : Started SpringRunning in 2.821 seconds (process running for 3.19)
2025-05-26T01:32:48.850+08:00  INFO 17728 --- [SpringApplicationShutdownHook] o.s.b.w.e.tomcat.GracefulShutdown        : Commencing graceful shutdown. Waiting for active requests to complete
2025-05-26T01:32:48.860+08:00  INFO 17728 --- [tomcat-shutdown] o.s.b.w.e.tomcat.GracefulShutdown        : Graceful shutdown complete
2025-05-26T01:32:52.919+08:00  INFO 9468 --- [main] com.pray.SpringRunning                   : Starting SpringRunning using Java 17.0.12 with PID 9468 (D:\CodeWork\SpringRunning\backend-service\target\classes started by Rain in D:\CodeWork\SpringRunning)
2025-05-26T01:32:52.920+08:00 DEBUG 9468 --- [main] com.pray.SpringRunning                   : Running with Spring Boot v3.1.2, Spring v6.0.11
2025-05-26T01:32:52.921+08:00  INFO 9468 --- [main] com.pray.SpringRunning                   : The following 1 profile is active: "dev"
2025-05-26T01:32:53.346+08:00  INFO 9468 --- [main] .s.d.r.c.RepositoryConfigurationDelegate : Multiple Spring Data modules found, entering strict repository configuration mode
2025-05-26T01:32:53.348+08:00  INFO 9468 --- [main] .s.d.r.c.RepositoryConfigurationDelegate : Bootstrapping Spring Data Redis repositories in DEFAULT mode.
2025-05-26T01:32:53.374+08:00  INFO 9468 --- [main] .s.d.r.c.RepositoryConfigurationDelegate : Finished Spring Data repository scanning in 16 ms. Found 0 Redis repository interfaces.
2025-05-26T01:32:53.915+08:00  INFO 9468 --- [main] o.s.b.w.embedded.tomcat.TomcatWebServer  : Tomcat initialized with port(s): 9201 (http)
2025-05-26T01:32:53.920+08:00  INFO 9468 --- [main] o.apache.catalina.core.StandardService   : Starting service [Tomcat]
2025-05-26T01:32:53.920+08:00  INFO 9468 --- [main] o.apache.catalina.core.StandardEngine    : Starting Servlet engine: [Apache Tomcat/10.1.11]
2025-05-26T01:32:53.963+08:00  INFO 9468 --- [main] o.a.c.c.C.[Tomcat].[localhost].[/api]    : Initializing Spring embedded WebApplicationContext
2025-05-26T01:32:53.963+08:00  INFO 9468 --- [main] w.s.c.ServletWebServerApplicationContext : Root WebApplicationContext: initialization completed in 1006 ms
2025-05-26T01:32:54.369+08:00  WARN 9468 --- [main] c.b.m.core.metadata.TableInfoHelper      : Can not find table primary key in Class: "com.pray.entity.po.DefectMethod".
2025-05-26T01:32:54.372+08:00  WARN 9468 --- [main] c.b.m.core.injector.DefaultSqlInjector   : class com.pray.entity.po.DefectMethod ,Not found @TableId annotation, Cannot use Mybatis-Plus 'xxById' Method.
2025-05-26T01:32:54.436+08:00  WARN 9468 --- [main] c.b.m.core.metadata.TableInfoHelper      : Can not find table primary key in Class: "com.pray.entity.po.SysRolePrivilege".
2025-05-26T01:32:54.436+08:00  WARN 9468 --- [main] c.b.m.core.injector.DefaultSqlInjector   : class com.pray.entity.po.SysRolePrivilege ,Not found @TableId annotation, Cannot use Mybatis-Plus 'xxById' Method.
2025-05-26T01:32:54.448+08:00  WARN 9468 --- [main] c.b.m.core.metadata.TableInfoHelper      : Can not find table primary key in Class: "com.pray.entity.po.SysUserRole".
2025-05-26T01:32:54.448+08:00  WARN 9468 --- [main] c.b.m.core.injector.DefaultSqlInjector   : class com.pray.entity.po.SysUserRole ,Not found @TableId annotation, Cannot use Mybatis-Plus 'xxById' Method.
2025-05-26T01:32:54.568+08:00  WARN 9468 --- [main] c.b.m.core.metadata.TableInfoHelper      : Can not find table primary key in Class: "com.pray.entity.po.Book".
2025-05-26T01:32:54.568+08:00  WARN 9468 --- [main] c.b.m.core.injector.DefaultSqlInjector   : class com.pray.entity.po.Book ,Not found @TableId annotation, Cannot use Mybatis-Plus 'xxById' Method.
2025-05-26T01:32:54.583+08:00  WARN 9468 --- [main] c.b.m.core.metadata.TableInfoHelper      : Can not find table primary key in Class: "com.pray.entity.po.Borrow".
2025-05-26T01:32:54.583+08:00  WARN 9468 --- [main] c.b.m.core.injector.DefaultSqlInjector   : class com.pray.entity.po.Borrow ,Not found @TableId annotation, Cannot use Mybatis-Plus 'xxById' Method.
2025-05-26T01:32:54.617+08:00  WARN 9468 --- [main] c.b.m.core.metadata.TableInfoHelper      : Can not find table primary key in Class: "com.pray.entity.po.BookUser".
2025-05-26T01:32:54.617+08:00  WARN 9468 --- [main] c.b.m.core.injector.DefaultSqlInjector   : class com.pray.entity.po.BookUser ,Not found @TableId annotation, Cannot use Mybatis-Plus 'xxById' Method.
2025-05-26T01:32:54.934+08:00  INFO 9468 --- [main] o.s.s.web.DefaultSecurityFilterChain     : Will secure any request with [org.springframework.security.web.session.DisableEncodeUrlFilter@5c16561a, org.springframework.security.web.context.request.async.WebAsyncManagerIntegrationFilter@5819ee0f, org.springframework.security.web.context.SecurityContextHolderFilter@7320750c, org.springframework.security.web.header.HeaderWriterFilter@46c2189e, org.springframework.security.web.authentication.logout.LogoutFilter@7dfca9e6, org.springframework.security.web.authentication.UsernamePasswordAuthenticationFilter@4b7a4c83, org.springframework.security.web.authentication.ui.DefaultLoginPageGeneratingFilter@1bb0fa38, org.springframework.security.web.authentication.ui.DefaultLogoutPageGeneratingFilter@f310675, org.springframework.security.web.savedrequest.RequestCacheAwareFilter@67d8613, org.springframework.security.web.servletapi.SecurityContextHolderAwareRequestFilter@6d41200c, org.springframework.security.web.authentication.AnonymousAuthenticationFilter@424ec990, org.springframework.security.web.access.ExceptionTranslationFilter@1e4d93f7, org.springframework.security.web.access.intercept.AuthorizationFilter@3c1df0e9]
2025-05-26T01:32:55.159+08:00  INFO 9468 --- [main] o.s.b.w.embedded.tomcat.TomcatWebServer  : Tomcat started on port(s): 9201 (http) with context path '/api'
2025-05-26T01:32:55.167+08:00  INFO 9468 --- [main] com.pray.SpringRunning                   : Started SpringRunning in 2.77 seconds (process running for 3.201)
2025-05-26T01:34:18.679+08:00  INFO 9468 --- [SpringApplicationShutdownHook] o.s.b.w.e.tomcat.GracefulShutdown        : Commencing graceful shutdown. Waiting for active requests to complete
2025-05-26T01:34:18.688+08:00  INFO 9468 --- [tomcat-shutdown] o.s.b.w.e.tomcat.GracefulShutdown        : Graceful shutdown complete
2025-05-26T01:34:45.422+08:00  INFO 13224 --- [main] com.pray.SpringRunning                   : Starting SpringRunning using Java 17.0.12 with PID 13224 (D:\CodeWork\SpringRunning\backend-service\target\classes started by Rain in D:\CodeWork\SpringRunning)
2025-05-26T01:34:45.423+08:00 DEBUG 13224 --- [main] com.pray.SpringRunning                   : Running with Spring Boot v3.1.2, Spring v6.0.11
2025-05-26T01:34:45.423+08:00  INFO 13224 --- [main] com.pray.SpringRunning                   : The following 1 profile is active: "dev"
2025-05-26T01:34:45.856+08:00  INFO 13224 --- [main] .s.d.r.c.RepositoryConfigurationDelegate : Multiple Spring Data modules found, entering strict repository configuration mode
2025-05-26T01:34:45.858+08:00  INFO 13224 --- [main] .s.d.r.c.RepositoryConfigurationDelegate : Bootstrapping Spring Data Redis repositories in DEFAULT mode.
2025-05-26T01:34:45.883+08:00  INFO 13224 --- [main] .s.d.r.c.RepositoryConfigurationDelegate : Finished Spring Data repository scanning in 15 ms. Found 0 Redis repository interfaces.
2025-05-26T01:34:46.432+08:00  INFO 13224 --- [main] o.s.b.w.embedded.tomcat.TomcatWebServer  : Tomcat initialized with port(s): 9201 (http)
2025-05-26T01:34:46.438+08:00  INFO 13224 --- [main] o.apache.catalina.core.StandardService   : Starting service [Tomcat]
2025-05-26T01:34:46.439+08:00  INFO 13224 --- [main] o.apache.catalina.core.StandardEngine    : Starting Servlet engine: [Apache Tomcat/10.1.11]
2025-05-26T01:34:46.481+08:00  INFO 13224 --- [main] o.a.c.c.C.[Tomcat].[localhost].[/api]    : Initializing Spring embedded WebApplicationContext
2025-05-26T01:34:46.481+08:00  INFO 13224 --- [main] w.s.c.ServletWebServerApplicationContext : Root WebApplicationContext: initialization completed in 1021 ms
2025-05-26T01:34:46.889+08:00  WARN 13224 --- [main] c.b.m.core.metadata.TableInfoHelper      : Can not find table primary key in Class: "com.pray.entity.po.DefectMethod".
2025-05-26T01:34:46.892+08:00  WARN 13224 --- [main] c.b.m.core.injector.DefaultSqlInjector   : class com.pray.entity.po.DefectMethod ,Not found @TableId annotation, Cannot use Mybatis-Plus 'xxById' Method.
2025-05-26T01:34:46.951+08:00  WARN 13224 --- [main] c.b.m.core.metadata.TableInfoHelper      : Can not find table primary key in Class: "com.pray.entity.po.SysRolePrivilege".
2025-05-26T01:34:46.951+08:00  WARN 13224 --- [main] c.b.m.core.injector.DefaultSqlInjector   : class com.pray.entity.po.SysRolePrivilege ,Not found @TableId annotation, Cannot use Mybatis-Plus 'xxById' Method.
2025-05-26T01:34:46.960+08:00  WARN 13224 --- [main] c.b.m.core.metadata.TableInfoHelper      : Can not find table primary key in Class: "com.pray.entity.po.SysUserRole".
2025-05-26T01:34:46.960+08:00  WARN 13224 --- [main] c.b.m.core.injector.DefaultSqlInjector   : class com.pray.entity.po.SysUserRole ,Not found @TableId annotation, Cannot use Mybatis-Plus 'xxById' Method.
2025-05-26T01:34:47.069+08:00  WARN 13224 --- [main] c.b.m.core.metadata.TableInfoHelper      : Can not find table primary key in Class: "com.pray.entity.po.Book".
2025-05-26T01:34:47.070+08:00  WARN 13224 --- [main] c.b.m.core.injector.DefaultSqlInjector   : class com.pray.entity.po.Book ,Not found @TableId annotation, Cannot use Mybatis-Plus 'xxById' Method.
2025-05-26T01:34:47.082+08:00  WARN 13224 --- [main] c.b.m.core.metadata.TableInfoHelper      : Can not find table primary key in Class: "com.pray.entity.po.Borrow".
2025-05-26T01:34:47.083+08:00  WARN 13224 --- [main] c.b.m.core.injector.DefaultSqlInjector   : class com.pray.entity.po.Borrow ,Not found @TableId annotation, Cannot use Mybatis-Plus 'xxById' Method.
2025-05-26T01:34:47.113+08:00  WARN 13224 --- [main] c.b.m.core.metadata.TableInfoHelper      : Can not find table primary key in Class: "com.pray.entity.po.BookUser".
2025-05-26T01:34:47.113+08:00  WARN 13224 --- [main] c.b.m.core.injector.DefaultSqlInjector   : class com.pray.entity.po.BookUser ,Not found @TableId annotation, Cannot use Mybatis-Plus 'xxById' Method.
2025-05-26T01:34:47.438+08:00  INFO 13224 --- [main] o.s.s.web.DefaultSecurityFilterChain     : Will secure any request with [org.springframework.security.web.session.DisableEncodeUrlFilter@3294102e, org.springframework.security.web.context.request.async.WebAsyncManagerIntegrationFilter@5a69b3cf, org.springframework.security.web.context.SecurityContextHolderFilter@41c88e00, org.springframework.security.web.header.HeaderWriterFilter@1ff23bd1, org.springframework.security.web.authentication.logout.LogoutFilter@6885f3f7, org.springframework.security.web.authentication.UsernamePasswordAuthenticationFilter@5e0bba2f, org.springframework.security.web.authentication.ui.DefaultLoginPageGeneratingFilter@4407fea2, org.springframework.security.web.authentication.ui.DefaultLogoutPageGeneratingFilter@7c460, org.springframework.security.web.savedrequest.RequestCacheAwareFilter@354e2bff, org.springframework.security.web.servletapi.SecurityContextHolderAwareRequestFilter@7dfca9e6, org.springframework.security.web.authentication.AnonymousAuthenticationFilter@59e4a044, org.springframework.security.web.access.ExceptionTranslationFilter@6f7241c2, org.springframework.security.web.access.intercept.AuthorizationFilter@6a013bdd]
2025-05-26T01:34:47.663+08:00  INFO 13224 --- [main] o.s.b.w.embedded.tomcat.TomcatWebServer  : Tomcat started on port(s): 9201 (http) with context path '/api'
2025-05-26T01:34:47.670+08:00  INFO 13224 --- [main] com.pray.SpringRunning                   : Started SpringRunning in 2.764 seconds (process running for 3.119)
2025-05-26T01:35:35.913+08:00  INFO 13224 --- [SpringApplicationShutdownHook] o.s.b.w.e.tomcat.GracefulShutdown        : Commencing graceful shutdown. Waiting for active requests to complete
2025-05-26T01:35:35.922+08:00  INFO 13224 --- [tomcat-shutdown] o.s.b.w.e.tomcat.GracefulShutdown        : Graceful shutdown complete
2025-05-26T01:35:37.876+08:00  INFO 23480 --- [main] com.pray.SpringRunning                   : Starting SpringRunning using Java 17.0.12 with PID 23480 (D:\CodeWork\SpringRunning\backend-service\target\classes started by Rain in D:\CodeWork\SpringRunning)
2025-05-26T01:35:37.876+08:00 DEBUG 23480 --- [main] com.pray.SpringRunning                   : Running with Spring Boot v3.1.2, Spring v6.0.11
2025-05-26T01:35:37.877+08:00  INFO 23480 --- [main] com.pray.SpringRunning                   : The following 1 profile is active: "dev"
2025-05-26T01:35:38.338+08:00  INFO 23480 --- [main] .s.d.r.c.RepositoryConfigurationDelegate : Multiple Spring Data modules found, entering strict repository configuration mode
2025-05-26T01:35:38.339+08:00  INFO 23480 --- [main] .s.d.r.c.RepositoryConfigurationDelegate : Bootstrapping Spring Data Redis repositories in DEFAULT mode.
2025-05-26T01:35:38.365+08:00  INFO 23480 --- [main] .s.d.r.c.RepositoryConfigurationDelegate : Finished Spring Data repository scanning in 15 ms. Found 0 Redis repository interfaces.
2025-05-26T01:35:38.906+08:00  INFO 23480 --- [main] o.s.b.w.embedded.tomcat.TomcatWebServer  : Tomcat initialized with port(s): 9201 (http)
2025-05-26T01:35:38.912+08:00  INFO 23480 --- [main] o.apache.catalina.core.StandardService   : Starting service [Tomcat]
2025-05-26T01:35:38.912+08:00  INFO 23480 --- [main] o.apache.catalina.core.StandardEngine    : Starting Servlet engine: [Apache Tomcat/10.1.11]
2025-05-26T01:35:38.957+08:00  INFO 23480 --- [main] o.a.c.c.C.[Tomcat].[localhost].[/api]    : Initializing Spring embedded WebApplicationContext
2025-05-26T01:35:38.957+08:00  INFO 23480 --- [main] w.s.c.ServletWebServerApplicationContext : Root WebApplicationContext: initialization completed in 1017 ms
2025-05-26T01:35:39.358+08:00  WARN 23480 --- [main] c.b.m.core.metadata.TableInfoHelper      : Can not find table primary key in Class: "com.pray.entity.po.DefectMethod".
2025-05-26T01:35:39.361+08:00  WARN 23480 --- [main] c.b.m.core.injector.DefaultSqlInjector   : class com.pray.entity.po.DefectMethod ,Not found @TableId annotation, Cannot use Mybatis-Plus 'xxById' Method.
2025-05-26T01:35:39.419+08:00  WARN 23480 --- [main] c.b.m.core.metadata.TableInfoHelper      : Can not find table primary key in Class: "com.pray.entity.po.SysRolePrivilege".
2025-05-26T01:35:39.420+08:00  WARN 23480 --- [main] c.b.m.core.injector.DefaultSqlInjector   : class com.pray.entity.po.SysRolePrivilege ,Not found @TableId annotation, Cannot use Mybatis-Plus 'xxById' Method.
2025-05-26T01:35:39.429+08:00  WARN 23480 --- [main] c.b.m.core.metadata.TableInfoHelper      : Can not find table primary key in Class: "com.pray.entity.po.SysUserRole".
2025-05-26T01:35:39.429+08:00  WARN 23480 --- [main] c.b.m.core.injector.DefaultSqlInjector   : class com.pray.entity.po.SysUserRole ,Not found @TableId annotation, Cannot use Mybatis-Plus 'xxById' Method.
2025-05-26T01:35:39.539+08:00  WARN 23480 --- [main] c.b.m.core.metadata.TableInfoHelper      : Can not find table primary key in Class: "com.pray.entity.po.Book".
2025-05-26T01:35:39.539+08:00  WARN 23480 --- [main] c.b.m.core.injector.DefaultSqlInjector   : class com.pray.entity.po.Book ,Not found @TableId annotation, Cannot use Mybatis-Plus 'xxById' Method.
2025-05-26T01:35:39.553+08:00  WARN 23480 --- [main] c.b.m.core.metadata.TableInfoHelper      : Can not find table primary key in Class: "com.pray.entity.po.Borrow".
2025-05-26T01:35:39.553+08:00  WARN 23480 --- [main] c.b.m.core.injector.DefaultSqlInjector   : class com.pray.entity.po.Borrow ,Not found @TableId annotation, Cannot use Mybatis-Plus 'xxById' Method.
2025-05-26T01:35:39.587+08:00  WARN 23480 --- [main] c.b.m.core.metadata.TableInfoHelper      : Can not find table primary key in Class: "com.pray.entity.po.BookUser".
2025-05-26T01:35:39.587+08:00  WARN 23480 --- [main] c.b.m.core.injector.DefaultSqlInjector   : class com.pray.entity.po.BookUser ,Not found @TableId annotation, Cannot use Mybatis-Plus 'xxById' Method.
2025-05-26T01:35:39.909+08:00  INFO 23480 --- [main] o.s.s.web.DefaultSecurityFilterChain     : Will secure any request with [org.springframework.security.web.session.DisableEncodeUrlFilter@261609a7, org.springframework.security.web.context.request.async.WebAsyncManagerIntegrationFilter@39296cef, org.springframework.security.web.context.SecurityContextHolderFilter@a44ad33, org.springframework.security.web.header.HeaderWriterFilter@58945295, org.springframework.security.web.authentication.logout.LogoutFilter@406808eb, org.springframework.security.web.authentication.UsernamePasswordAuthenticationFilter@41c88e00, org.springframework.security.web.authentication.ui.DefaultLoginPageGeneratingFilter@3d1b43d8, org.springframework.security.web.authentication.ui.DefaultLogoutPageGeneratingFilter@7dfca9e6, org.springframework.security.web.savedrequest.RequestCacheAwareFilter@627d5f99, org.springframework.security.web.servletapi.SecurityContextHolderAwareRequestFilter@61648dd2, org.springframework.security.web.authentication.AnonymousAuthenticationFilter@7771c4e, org.springframework.security.web.access.ExceptionTranslationFilter@357cdb00, org.springframework.security.web.access.intercept.AuthorizationFilter@729c8def]
2025-05-26T01:35:40.138+08:00  INFO 23480 --- [main] o.s.b.w.embedded.tomcat.TomcatWebServer  : Tomcat started on port(s): 9201 (http) with context path '/api'
2025-05-26T01:35:40.146+08:00  INFO 23480 --- [main] com.pray.SpringRunning                   : Started SpringRunning in 2.782 seconds (process running for 3.154)
